2025-10-27
@ 222 bw
531 squat C23 W3
TM: 465
#safety-squat #sq
61 x 10
107 x 5
129 x 3
159 x 5
184, 202 x 3
159 x 5 AMRAP
// https://fivethreeone.app/calculator?program=NU-LTsNADPyVas5W5M3GLfhWEFCp5SWOqIcUUiiCHpqteoj23-HuJhd7xp7xyANaKBN20He3uCLvmZq5kAhvCR-QAZ-QhtCZYMDFSB2pADcBPwGOZtpD9.1v3xG.RhQJ63Rpk6MeoddCeLID3vpzHj7k.gINp3PSfyf9IRWX48XUBMcWb02yui5DX1iTmHUp1DEXUTVaq7osuFpMQPJpLhsL-TEu1v9S7hGK.8OpD7O3Lsw2bR9AWKXNXbYH.5vQQyWaZZkWN2Yx0W35gvA6vhP-AQ__

2025-10-28
@ 221 bw
531 bench C23 W3
TM: 330
#bench-press #bp
61 x 10
75 x 5
93 x 3
113 x 5
129, 143 x 3
113 x 10
// https://fivethreeone.app/calculator?program=NU-LTsNADPyVas5W5M3GLfhWEFCp5SWOqIcUUiiCHpqteoj23-HuJhd7xp7xyANaKBN20He3uCLvmZq5kAhvCR-QAZ-QhtCZYMDFSB2pADcBPwGOZtpD9.1v3xG.RhQJ63Rpk6MeoddCeLID3vpzHj7k.gINp3PSfyf9IRWX48XUBMcWb02yui5DX1iTmHUp1DEXUTVaq7osuFpMQPJpLhsL-TEu1v9S7hGK.8OpD7O3Lsw2bR9AWKXNXbYH.5vQQyWaZZkWN2Yx0W35gvA6vhP-AQ__

2025-10-29
@ 221 bw
531 deadlift C23 W3
TM: 550
#deadlift #dl
61 x 10
102 x 5
143 x 3
188 x 5 Straps
215 x 3
238 x 4
188 x 5 AMRAP
// https://fivethreeone.app/calculator?program=NU-LTsNADPyVas5W5M3GLfhWEFCp5SWOqIcUUiiCHpqteoj23-HuJhd7xp7xyANaKBN20He3uCLvmZq5kAhvCR-QAZ-QhtCZYMDFSB2pADcBPwGOZtpD9.1v3xG.RhQJ63Rpk6MeoddCeLID3vpzHj7k.gINp3PSfyf9IRWX48XUBMcWb02yui5DX1iTmHUp1DEXUTVaq7osuFpMQPJpLhsL-TEu1v9S7hGK.8OpD7O3Lsw2bR9AWKXNXbYH.5vQQyWaZZkWN2Yx0W35gvA6vhP-AQ__

2025-10-30
@ 221 bw
531 ohp C23 W3
TM: 178
#cambered-ohp #ohp
32 x 10
41 x 5
50 x 3
61 x 5
69 x 3
77 x 5
61 x 8 AMRAP
// https://fivethreeone.app/calculator?program=NU-LTsNADPyVas5W5M3GLfhWEFCp5SWOqIcUUiiCHpqteoj23-HuJhd7xp7xyANaKBN20He3uCLvmZq5kAhvCR-QAZ-QhtCZYMDFSB2pADcBPwGOZtpD9.1v3xG.RhQJ63Rpk6MeoddCeLID3vpzHj7k.gINp3PSfyf9IRWX48XUBMcWb02yui5DX1iTmHUp1DEXUTVaq7osuFpMQPJpLhsL-TEu1v9S7hGK.8OpD7O3Lsw2bR9AWKXNXbYH.5vQQyWaZZkWN2Yx0W35gvA6vhP-AQ__

2025-10-31
@ 222 bw
531 squat C23 W3
TM: 465
#safety-box-squat #sq
61 x 10
107 x 5
129 x 3
159 x 5
184 x 3
202 x 1, 3
159 x 5 AMRAP
// https://fivethreeone.app/calculator?program=NU-LTsNADPyVas5W5M3GLfhWEFCp5SWOqIcUUiiCHpqteoj23-HuJhd7xp7xyANaKBN20He3uCLvmZq5kAhvCR-QAZ-QhtCZYMDFSB2pADcBPwGOZtpD9.1v3xG.RhQJ63Rpk6MeoddCeLID3vpzHj7k.gINp3PSfyf9IRWX48XUBMcWb02yui5DX1iTmHUp1DEXUTVaq7osuFpMQPJpLhsL-TEu1v9S7hGK.8OpD7O3Lsw2bR9AWKXNXbYH.5vQQyWaZZkWN2Yx0W35gvA6vhP-AQ__

